2026-07-16T06:09:43Z INF Thank you for trying Cloudflare Tunnel. Doing so, without a Cloudflare account, is a quick way to experiment and try it out. However, be aware that these account-less Tunnels have no uptime guarantee, are subject to the Cloudflare Online Services Terms of Use (https://www.cloudflare.com/website-terms/), and Cloudflare reserves the right to investigate your use of Tunnels for violations of such terms. If you intend to use Tunnels in production you should use a pre-created named tunnel by following: https://developers.cloudflare.com/cloudflare-one/connections/connect-apps
2026-07-16T06:09:43Z INF Requesting new quick Tunnel on trycloudflare.com...
2026-07-16T06:09:54Z INF +--------------------------------------------------------------------------------------------+
2026-07-16T06:09:54Z INF |  Your quick Tunnel has been created! Visit it at (it may take some time to be reachable):  |
2026-07-16T06:09:54Z INF |  https://cooperation-temporal-karma-coupled.trycloudflare.com                              |
2026-07-16T06:09:54Z INF +--------------------------------------------------------------------------------------------+
2026-07-16T06:09:54Z INF Cannot determine default configuration path. No file [config.yml config.yaml] in [~/.cloudflared ~/.cloudflare-warp ~/cloudflare-warp]
2026-07-16T06:09:54Z INF Version 2026.7.1 (Checksum ccb0756de288d3c2c076d19764ca53e0849a10f2dd9c23f8656ac42bdeb45001)
2026-07-16T06:09:54Z INF GOOS: windows, GOVersion: go1.26.4, GoArch: amd64
2026-07-16T06:09:54Z INF Settings: map[ha-connections:1 no-autoupdate:true p:http2 protocol:http2 url:http://localhost:3000]
2026-07-16T06:09:54Z INF cloudflared will not automatically update on Windows systems.
2026-07-16T06:09:54Z INF Generated Connector ID: cc2663ae-fccb-49db-912b-a256dd51c8f1
2026-07-16T06:09:54Z INF Initial protocol http2
2026-07-16T06:09:54Z INF ICMP proxy will use 192.168.0.209 as source for IPv4
2026-07-16T06:09:54Z INF ICMP proxy will use fe80::66cb:828f:304:25b4 in zone Wi-Fi as source for IPv6
2026-07-16T06:09:54Z INF cloudflared does not support loading the system root certificate pool on Windows. Please use --origin-ca-pool <PATH> to specify the path to the certificate pool
2026-07-16T06:09:54Z INF ICMP proxy will use 192.168.0.209 as source for IPv4
2026-07-16T06:09:54Z INF Tunnel connection curve preferences: [X25519MLKEM768 CurveID(65074) CurveP256] connIndex=0 event=0 ip=198.41.200.233
2026-07-16T06:09:54Z INF ICMP proxy will use fe80::66cb:828f:304:25b4 in zone Wi-Fi as source for IPv6
2026-07-16T06:09:54Z INF Starting metrics server on 127.0.0.1:20241/metrics
2026-07-16T06:09:55Z INF Registered tunnel connection connIndex=0 connection=0f40cb9a-c3c8-459c-beab-88b10d049bbe event=0 ip=198.41.200.233 location=sin15 protocol=http2
2026-07-16T06:10:04Z INF +-----------------------------------------------------------------------------------------------+
2026-07-16T06:10:04Z INF |                                    CONNECTIVITY PRE-CHECKS                                    |
2026-07-16T06:10:04Z INF +-----------------------------------------------------------------------------------------------+
2026-07-16T06:10:04Z INF |  COMPONENT         TARGET                     STATUS  DETAILS                                 |
2026-07-16T06:10:04Z INF |  DNS Resolution    region1.v2.argotunnel.com  PASS    DNS Resolved successfully               |
2026-07-16T06:10:04Z INF |  DNS Resolution    region2.v2.argotunnel.com  PASS    DNS Resolved successfully               |
2026-07-16T06:10:04Z INF |  UDP Connectivity  region1.v2.argotunnel.com  FAIL    QUIC connection failed                  |
2026-07-16T06:10:04Z INF |  UDP Connectivity  region2.v2.argotunnel.com  FAIL    QUIC connection failed                  |
2026-07-16T06:10:04Z INF |  TCP Connectivity  region1.v2.argotunnel.com  PASS    HTTP/2 connection successful            |
2026-07-16T06:10:04Z INF |  TCP Connectivity  region2.v2.argotunnel.com  PASS    HTTP/2 connection successful            |
2026-07-16T06:10:04Z INF |  Cloudflare API    api.cloudflare.com:443     PASS    API is reachable                        |
2026-07-16T06:10:04Z INF |  WARNING: Allow outbound QUIC traffic on port 7844 or use HTTP2.                              |
2026-07-16T06:10:04Z INF |  WARNING: Allow outbound QUIC traffic on port 7844 or use HTTP2.                              |
2026-07-16T06:10:04Z INF |                                                                                               |
2026-07-16T06:10:04Z INF |  SUMMARY: Environment ready with degraded transport. cloudflared will proceed using 'http2'.  |
2026-07-16T06:10:04Z INF +-----------------------------------------------------------------------------------------------+
2026-07-16T06:10:04Z INF precheck component="DNS Resolution" details="DNS Resolved successfully" run_id=2f29e5df-9aad-4048-916b-e31183fb9443 status=pass target=region1.v2.argotunnel.com
2026-07-16T06:10:04Z INF precheck component="DNS Resolution" details="DNS Resolved successfully" run_id=2f29e5df-9aad-4048-916b-e31183fb9443 status=pass target=region2.v2.argotunnel.com
2026-07-16T06:10:04Z INF precheck component="UDP Connectivity" details="QUIC connection failed" run_id=2f29e5df-9aad-4048-916b-e31183fb9443 status=fail target=region1.v2.argotunnel.com
2026-07-16T06:10:04Z INF precheck component="UDP Connectivity" details="QUIC connection failed" run_id=2f29e5df-9aad-4048-916b-e31183fb9443 status=fail target=region2.v2.argotunnel.com
2026-07-16T06:10:04Z INF precheck component="TCP Connectivity" details="HTTP/2 connection successful" run_id=2f29e5df-9aad-4048-916b-e31183fb9443 status=pass target=region1.v2.argotunnel.com
2026-07-16T06:10:04Z INF precheck component="TCP Connectivity" details="HTTP/2 connection successful" run_id=2f29e5df-9aad-4048-916b-e31183fb9443 status=pass target=region2.v2.argotunnel.com
2026-07-16T06:10:04Z INF precheck component="Cloudflare API" details="API is reachable" run_id=2f29e5df-9aad-4048-916b-e31183fb9443 status=pass target=api.cloudflare.com:443
2026-07-16T06:10:04Z INF precheck complete hard_fail=false run_id=2f29e5df-9aad-4048-916b-e31183fb9443 suggested_protocol=http2
2026-07-16T06:39:29Z ERR  error="Unable to reach the origin service. The service may be down or it may not be responding to traffic from cloudflared: dial tcp [::1]:3000: connectex: No connection could be made because the target machine actively refused it." connIndex=0 event=1 ingressRule=0 originService=http://localhost:3000
2026-07-16T06:39:29Z ERR failed to serve incoming request error="Failed to proxy HTTP: Unable to reach the origin service. The service may be down or it may not be responding to traffic from cloudflared: dial tcp [::1]:3000: connectex: No connection could be made because the target machine actively refused it."
